// Jest Snapshot v1, https://goo.gl/fbAQLP

exports[` Ui snapshot Render for Account 1`] = `
<div
  className="container"
>
  <div
    className="table-wrapper"
  >
    <div
      className="table-title"
    >
      <div
        className="row"
      >
        <div
          class="col-sm-6"
        >
          <h2>
            Manage 
            <b>
              AccountBalance
            </b>
          </h2>
        </div>
        <div
          class="col-sm-6"
        >
          <div
            class="form-group col-sm-4 myclass"
          >
            <label
              for="focusedInput"
            >
              Holder Name
            </label>
            <input
              class="form-control"
              id="focusedInput"
              onBlur={[Function]}
              onChange={[Function]}
              type="text"
            />
          </div>
          <a
            class="btn btn-success"
            data-toggle="modal"
            href="/add/"
            onClick={[Function]}
          >
            <i
              class="material-icons"
            >
              î…‡
            </i>
             
            <span>
              Add New Account
            </span>
          </a>
        </div>
      </div>
    </div>
    <table
      class="table table-striped table-hover"
    >
      <thead>
        <tr>
          <th>
            Day
          </th>
          <th>
            NameHolder
          </th>
          <th>
            Balance
          </th>
          <th>
            Over draft Limit
          </th>
          <th>
            Wire Transfert limit
          </th>
          <th>
            Actions
          </th>
        </tr>
      </thead>
      <tbody />
    </table>
  </div>
</div>
`;

exports[` Ui snapshot Render for Edit 1`] = `
<div
  className="popup"
>
  <div
    className="popup_inner"
  >
    <button
      className="btn btn-danger m-2"
    >
      x
    </button>
    <div
      class="card mx-xl-5"
    >
      <label
        style={
          Object {
            "color": "red",
          }
        }
      >
        
         
      </label>
      <div
        class="card-body"
      >
        <p
          class="h5 text-center py-4"
          style={
            Object {
              "color": "green",
            }
          }
        >
          Edit Account: 
        </p>
        <label
          class="grey-text font-weight-light text-center"
        >
          OverDraft Limit :
        </label>
        <input
          class="form-control"
          id="defaultFormCardNameEx"
          onBlur={[Function]}
          onChange={[Function]}
          type="text"
          value=""
        />
        <br />
        <label
          class="grey-text font-weight-light"
        >
          Daily Wire Transfert 
        </label>
        <input
          class="form-control"
          id="defaultFormCardEmailEx"
          onBlur={[Function]}
          onChange={[Function]}
          type="email"
          value=""
        />
        <br />
        <div
          class="text-center py-4 mt-3"
        >
          <button
            class="btn btn-warning"
            onClick={[Function]}
            type=""
          >
            Send
            <i
              class="fa fa-paper-plane-o ml-2"
            />
          </button>
        </div>
      </div>
    </div>
  </div>
</div>
`;
